// Jest Snapshot v1, https://goo.gl/fbAQLP

exports[`Tab matches snapshot 1`] = `
<div
  className="tab-container"
  data-testid="tab-test"
>
  <button
    className="tab-item undefined"
    onClick={[Function]}
  >
    TestTab
  </button>
</div>
`;
